--------------------------------------------------------------------------------------------
COMMAND
--------------------------------------------------------------------------------------------

exec> report_checks \
        -path_delay max \
        -through _10925e0500000000_p_Instance \
        -format full_clock_expanded \
        -fields {slew cap input_pins nets fanout} \
        -no_line_splits \
        -group_count 1000 \
        -slack_max 40 \
        -digits 2 \
        -unique_paths_to_endpoint \
        
design: caravel
time: Sun Dec 10 16:14:56 UTC 2023

--------------------------------------------------------------------------------------------
REPORT
--------------------------------------------------------------------------------------------

Startpoint: chip_core/_37874_ (falling edge-triggered flip-flop clocked by clk)
Endpoint: chip_core/mprj/j1a/_51892_ (recovery check against rising-edge clock clk)
Path Group: asynchronous
Path Type: max

Fanout     Cap    Slew   Delay    Time   Description
-----------------------------------------------------------------------------
                         15.00   15.00   clock clk (fall edge)
                          0.00   15.00   clock source latency
     1    2.90    3.50    0.00   15.00 v clock (in)
                                         clock (net)
                  3.50    0.00   15.00 v padframe/mgmt_clock_input_pad/PAD (gf180mcu_fd_io__in_c)
     1    0.05    0.10    2.00   17.00 v padframe/mgmt_clock_input_pad/Y (gf180mcu_fd_io__in_c)
                                         clock_core (net)
                  0.10    0.00   17.00 v chip_core/input1/I (gf180mcu_fd_sc_mcu7t5v0__buf_20)
     1    0.07    0.06    0.14   17.14 v chip_core/input1/Z (gf180mcu_fd_sc_mcu7t5v0__buf_20)
                                         chip_core/net1 (net)
                  0.06    0.01   17.15 v chip_core/wire2130/I (gf180mcu_fd_sc_mcu7t5v0__buf_20)
     1    0.13    0.07    0.13   17.28 v chip_core/wire2130/Z (gf180mcu_fd_sc_mcu7t5v0__buf_20)
                                         chip_core/net2130 (net)
                  0.10    0.03   17.31 v chip_core/wire2129/I (gf180mcu_fd_sc_mcu7t5v0__buf_20)
     3    0.12    0.07    0.15   17.45 v chip_core/wire2129/Z (gf180mcu_fd_sc_mcu7t5v0__buf_20)
                                         chip_core/net2129 (net)
                  0.09    0.02   17.48 v chip_core/_21442_/A1 (gf180mcu_fd_sc_mcu7t5v0__oai211_4)
     2    0.03    0.27    0.19   17.67 ^ chip_core/_21442_/ZN (gf180mcu_fd_sc_mcu7t5v0__oai211_4)
                                         chip_core/_09463_ (net)
                  0.27    0.00   17.67 ^ chip_core/_21454_/A1 (gf180mcu_fd_sc_mcu7t5v0__nand2_2)
     1    0.29    1.34    0.85   18.52 v chip_core/_21454_/ZN (gf180mcu_fd_sc_mcu7t5v0__nand2_2)
                                         chip_core/clock_ctrl.core_clk (net)
                  1.36    0.09   18.61 v chip_core/clkbuf_0_clock_ctrl.core_clk/I (gf180mcu_fd_sc_mcu7t5v0__clkbuf_20)
     2    0.04    0.10    0.40   19.01 v chip_core/clkbuf_0_clock_ctrl.core_clk/Z (gf180mcu_fd_sc_mcu7t5v0__clkbuf_20)
                                         chip_core/clknet_0_clock_ctrl.core_clk (net)
                  0.10    0.00   19.01 v chip_core/clkbuf_1_1_0_clock_ctrl.core_clk/I (gf180mcu_fd_sc_mcu7t5v0__clkbuf_8)
     1    0.04    0.09    0.19   19.20 v chip_core/clkbuf_1_1_0_clock_ctrl.core_clk/Z (gf180mcu_fd_sc_mcu7t5v0__clkbuf_8)
                                         chip_core/clknet_1_1_0_clock_ctrl.core_clk (net)
                  0.09    0.00   19.20 v chip_core/clkbuf_1_1_1_clock_ctrl.core_clk/I (gf180mcu_fd_sc_mcu7t5v0__clkbuf_8)
     1    0.04    0.09    0.19   19.39 v chip_core/clkbuf_1_1_1_clock_ctrl.core_clk/Z (gf180mcu_fd_sc_mcu7t5v0__clkbuf_8)
                                         chip_core/clknet_1_1_1_clock_ctrl.core_clk (net)
                  0.09    0.00   19.39 v chip_core/clkbuf_1_1_2_clock_ctrl.core_clk/I (gf180mcu_fd_sc_mcu7t5v0__clkbuf_8)
     1    0.04    0.10    0.19   19.58 v chip_core/clkbuf_1_1_2_clock_ctrl.core_clk/Z (gf180mcu_fd_sc_mcu7t5v0__clkbuf_8)
                                         chip_core/clknet_1_1_2_clock_ctrl.core_clk (net)
                  0.10    0.00   19.58 v chip_core/clkbuf_1_1_3_clock_ctrl.core_clk/I (gf180mcu_fd_sc_mcu7t5v0__clkbuf_8)
     1    0.02    0.07    0.17   19.75 v chip_core/clkbuf_1_1_3_clock_ctrl.core_clk/Z (gf180mcu_fd_sc_mcu7t5v0__clkbuf_8)
                                         chip_core/clknet_1_1_3_clock_ctrl.core_clk (net)
                  0.07    0.00   19.75 v chip_core/clkbuf_1_1_4_clock_ctrl.core_clk/I (gf180mcu_fd_sc_mcu7t5v0__clkbuf_8)
     2    0.08    0.14    0.21   19.97 v chip_core/clkbuf_1_1_4_clock_ctrl.core_clk/Z (gf180mcu_fd_sc_mcu7t5v0__clkbuf_8)
                                         chip_core/clknet_1_1_4_clock_ctrl.core_clk (net)
                  0.14    0.00   19.97 v chip_core/clkbuf_2_2_0_clock_ctrl.core_clk/I (gf180mcu_fd_sc_mcu7t5v0__clkbuf_8)
     1    0.04    0.09    0.19   20.16 v chip_core/clkbuf_2_2_0_clock_ctrl.core_clk/Z (gf180mcu_fd_sc_mcu7t5v0__clkbuf_8)
                                         chip_core/clknet_2_2_0_clock_ctrl.core_clk (net)
                  0.09    0.00   20.16 v chip_core/clkbuf_2_2_1_clock_ctrl.core_clk/I (gf180mcu_fd_sc_mcu7t5v0__clkbuf_8)
     2    0.06    0.12    0.21   20.37 v chip_core/clkbuf_2_2_1_clock_ctrl.core_clk/Z (gf180mcu_fd_sc_mcu7t5v0__clkbuf_8)
                                         chip_core/clknet_2_2_1_clock_ctrl.core_clk (net)
                  0.12    0.00   20.37 v chip_core/clkbuf_3_5_0_clock_ctrl.core_clk/I (gf180mcu_fd_sc_mcu7t5v0__clkbuf_8)
     1    0.03    0.08    0.18   20.56 v chip_core/clkbuf_3_5_0_clock_ctrl.core_clk/Z (gf180mcu_fd_sc_mcu7t5v0__clkbuf_8)
                                         chip_core/clknet_3_5_0_clock_ctrl.core_clk (net)
                  0.08    0.00   20.56 v chip_core/clkbuf_3_5_1_clock_ctrl.core_clk/I (gf180mcu_fd_sc_mcu7t5v0__clkbuf_8)
     1    0.02    0.07    0.16   20.72 v chip_core/clkbuf_3_5_1_clock_ctrl.core_clk/Z (gf180mcu_fd_sc_mcu7t5v0__clkbuf_8)
                                         chip_core/clknet_3_5_1_clock_ctrl.core_clk (net)
                  0.07    0.00   20.72 v chip_core/clkbuf_3_5_2_clock_ctrl.core_clk/I (gf180mcu_fd_sc_mcu7t5v0__clkbuf_8)
     2    0.06    0.12    0.20   20.92 v chip_core/clkbuf_3_5_2_clock_ctrl.core_clk/Z (gf180mcu_fd_sc_mcu7t5v0__clkbuf_8)
                                         chip_core/clknet_3_5_2_clock_ctrl.core_clk (net)
                  0.12    0.00   20.93 v chip_core/clkbuf_4_10_0_clock_ctrl.core_clk/I (gf180mcu_fd_sc_mcu7t5v0__clkbuf_8)
     2    0.07    0.13    0.22   21.15 v chip_core/clkbuf_4_10_0_clock_ctrl.core_clk/Z (gf180mcu_fd_sc_mcu7t5v0__clkbuf_8)
                                         chip_core/clknet_4_10_0_clock_ctrl.core_clk (net)
                  0.13    0.00   21.15 v chip_core/clkbuf_5_21_0_clock_ctrl.core_clk/I (gf180mcu_fd_sc_mcu7t5v0__clkbuf_8)
     2    0.05    0.10    0.20   21.35 v chip_core/clkbuf_5_21_0_clock_ctrl.core_clk/Z (gf180mcu_fd_sc_mcu7t5v0__clkbuf_8)
                                         chip_core/clknet_5_21_0_clock_ctrl.core_clk (net)
                  0.10    0.00   21.36 v chip_core/clkbuf_6_43_0_clock_ctrl.core_clk/I (gf180mcu_fd_sc_mcu7t5v0__clkbuf_8)
     2    0.05    0.10    0.20   21.55 v chip_core/clkbuf_6_43_0_clock_ctrl.core_clk/Z (gf180mcu_fd_sc_mcu7t5v0__clkbuf_8)
                                         chip_core/clknet_6_43_0_clock_ctrl.core_clk (net)
                  0.10    0.00   21.55 v chip_core/clkbuf_7_87_0_clock_ctrl.core_clk/I (gf180mcu_fd_sc_mcu7t5v0__clkbuf_8)
    13    0.36    0.52    0.47   22.02 v chip_core/clkbuf_7_87_0_clock_ctrl.core_clk/Z (gf180mcu_fd_sc_mcu7t5v0__clkbuf_8)
                                         chip_core/clknet_7_87_0_clock_ctrl.core_clk (net)
                  0.52    0.01   22.03 v chip_core/clkbuf_leaf_1161_clock_ctrl.core_clk/I (gf180mcu_fd_sc_mcu7t5v0__clkbuf_20)
     3    0.02    0.07    0.26   22.29 v chip_core/clkbuf_leaf_1161_clock_ctrl.core_clk/Z (gf180mcu_fd_sc_mcu7t5v0__clkbuf_20)
                                         chip_core/clknet_leaf_1161_clock_ctrl.core_clk (net)
                  0.07    0.00   22.29 v chip_core/_37874_/CLKN (gf180mcu_fd_sc_mcu7t5v0__dffnsnq_4)
     3    0.08    0.22    0.67   22.96 v chip_core/_37874_/Q (gf180mcu_fd_sc_mcu7t5v0__dffnsnq_4)
                                         chip_core/clock_ctrl.reset_delay[0] (net)
                  0.22    0.00   22.96 v chip_core/max_length1744/I (gf180mcu_fd_sc_mcu7t5v0__buf_4)
     1    0.10    0.17    0.27   23.23 v chip_core/max_length1744/Z (gf180mcu_fd_sc_mcu7t5v0__buf_4)
                                         chip_core/net1744 (net)
                  0.17    0.01   23.24 v chip_core/wire1743/I (gf180mcu_fd_sc_mcu7t5v0__buf_8)
     6    0.05    0.07    0.18   23.42 v chip_core/wire1743/Z (gf180mcu_fd_sc_mcu7t5v0__buf_8)
                                         chip_core/net1743 (net)
                  0.07    0.00   23.42 v chip_core/wire1742/I (gf180mcu_fd_sc_mcu7t5v0__clkbuf_8)
     3    0.04    0.09    0.18   23.60 v chip_core/wire1742/Z (gf180mcu_fd_sc_mcu7t5v0__clkbuf_8)
                                         chip_core/net1742 (net)
                  0.09    0.00   23.60 v chip_core/wire1741/I (gf180mcu_fd_sc_mcu7t5v0__clkbuf_4)
     2    0.01    0.06    0.16   23.75 v chip_core/wire1741/Z (gf180mcu_fd_sc_mcu7t5v0__clkbuf_4)
                                         chip_core/net1741 (net)
                  0.06    0.00   23.75 v chip_core/mprj/j1a/input11/I (gf180mcu_fd_sc_mcu7t5v0__clkbuf_3)
     8    0.09    0.26    0.29   24.05 v chip_core/mprj/j1a/input11/Z (gf180mcu_fd_sc_mcu7t5v0__clkbuf_3)
                                         chip_core/mprj/j1a/net11 (net)
                  0.26    0.01   24.06 v chip_core/mprj/j1a/_39272_/I (gf180mcu_fd_sc_mcu7t5v0__buf_1)
     4    0.03    0.19    0.32   24.38 v chip_core/mprj/j1a/_39272_/Z (gf180mcu_fd_sc_mcu7t5v0__buf_1)
                                         chip_core/mprj/j1a/_17950_ (net)
                  0.19    0.00   24.38 v chip_core/mprj/j1a/_40484_/I (gf180mcu_fd_sc_mcu7t5v0__clkinv_1)
     1    0.01    0.14    0.12   24.50 ^ chip_core/mprj/j1a/_40484_/ZN (gf180mcu_fd_sc_mcu7t5v0__clkinv_1)
                                         chip_core/mprj/j1a/_00059_ (net)
                  0.14    0.00   24.50 ^ chip_core/mprj/j1a/_51892_/SETN (gf180mcu_fd_sc_mcu7t5v0__dffsnq_1)
                                 24.50   data arrival time

                         30.00   30.00   clock clk (rise edge)
                          0.00   30.00   clock source latency
     1    2.86    2.00    0.00   30.00 ^ clock (in)
                                         clock (net)
                  2.00    0.00   30.00 ^ padframe/mgmt_clock_input_pad/PAD (gf180mcu_fd_io__in_c)
     1    0.05    0.15    0.53   30.53 ^ padframe/mgmt_clock_input_pad/Y (gf180mcu_fd_io__in_c)
                                         clock_core (net)
                  0.15    0.00   30.53 ^ chip_core/input1/I (gf180mcu_fd_sc_mcu7t5v0__buf_20)
     1    0.07    0.07    0.12   30.65 ^ chip_core/input1/Z (gf180mcu_fd_sc_mcu7t5v0__buf_20)
                                         chip_core/net1 (net)
                  0.07    0.01   30.66 ^ chip_core/wire2130/I (gf180mcu_fd_sc_mcu7t5v0__buf_20)
     1    0.13    0.09    0.11   30.78 ^ chip_core/wire2130/Z (gf180mcu_fd_sc_mcu7t5v0__buf_20)
                                         chip_core/net2130 (net)
                  0.11    0.03   30.80 ^ chip_core/wire2129/I (gf180mcu_fd_sc_mcu7t5v0__buf_20)
     3    0.12    0.09    0.12   30.93 ^ chip_core/wire2129/Z (gf180mcu_fd_sc_mcu7t5v0__buf_20)
                                         chip_core/net2129 (net)
                  0.10    0.02   30.95 ^ chip_core/_21442_/A1 (gf180mcu_fd_sc_mcu7t5v0__oai211_4)
     2    0.03    0.16    0.11   31.06 v chip_core/_21442_/ZN (gf180mcu_fd_sc_mcu7t5v0__oai211_4)
                                         chip_core/_09463_ (net)
                  0.16    0.00   31.06 v chip_core/_21454_/A1 (gf180mcu_fd_sc_mcu7t5v0__nand2_2)
     1    0.29    1.66    0.96   32.02 ^ chip_core/_21454_/ZN (gf180mcu_fd_sc_mcu7t5v0__nand2_2)
                                         chip_core/clock_ctrl.core_clk (net)
                  1.67    0.09   32.10 ^ chip_core/clkbuf_0_clock_ctrl.core_clk/I (gf180mcu_fd_sc_mcu7t5v0__clkbuf_20)
     2    0.04    0.11    0.30   32.40 ^ chip_core/clkbuf_0_clock_ctrl.core_clk/Z (gf180mcu_fd_sc_mcu7t5v0__clkbuf_20)
                                         chip_core/clknet_0_clock_ctrl.core_clk (net)
                  0.11    0.00   32.41 ^ chip_core/clkbuf_1_0_0_clock_ctrl.core_clk/I (gf180mcu_fd_sc_mcu7t5v0__clkbuf_8)
     1    0.04    0.09    0.17   32.58 ^ chip_core/clkbuf_1_0_0_clock_ctrl.core_clk/Z (gf180mcu_fd_sc_mcu7t5v0__clkbuf_8)
                                         chip_core/clknet_1_0_0_clock_ctrl.core_clk (net)
                  0.09    0.00   32.58 ^ chip_core/clkbuf_1_0_1_clock_ctrl.core_clk/I (gf180mcu_fd_sc_mcu7t5v0__clkbuf_8)
     1    0.03    0.08    0.16   32.74 ^ chip_core/clkbuf_1_0_1_clock_ctrl.core_clk/Z (gf180mcu_fd_sc_mcu7t5v0__clkbuf_8)
                                         chip_core/clknet_1_0_1_clock_ctrl.core_clk (net)
                  0.08    0.00   32.74 ^ chip_core/clkbuf_1_0_2_clock_ctrl.core_clk/I (gf180mcu_fd_sc_mcu7t5v0__clkbuf_8)
     1    0.05    0.10    0.17   32.90 ^ chip_core/clkbuf_1_0_2_clock_ctrl.core_clk/Z (gf180mcu_fd_sc_mcu7t5v0__clkbuf_8)
                                         chip_core/clknet_1_0_2_clock_ctrl.core_clk (net)
                  0.10    0.00   32.91 ^ chip_core/clkbuf_1_0_3_clock_ctrl.core_clk/I (gf180mcu_fd_sc_mcu7t5v0__clkbuf_8)
     1    0.02    0.07    0.15   33.06 ^ chip_core/clkbuf_1_0_3_clock_ctrl.core_clk/Z (gf180mcu_fd_sc_mcu7t5v0__clkbuf_8)
                                         chip_core/clknet_1_0_3_clock_ctrl.core_clk (net)
                  0.07    0.00   33.06 ^ chip_core/clkbuf_1_0_4_clock_ctrl.core_clk/I (gf180mcu_fd_sc_mcu7t5v0__clkbuf_8)
     2    0.08    0.14    0.19   33.25 ^ chip_core/clkbuf_1_0_4_clock_ctrl.core_clk/Z (gf180mcu_fd_sc_mcu7t5v0__clkbuf_8)
                                         chip_core/clknet_1_0_4_clock_ctrl.core_clk (net)
                  0.14    0.01   33.25 ^ chip_core/clkbuf_2_1_0_clock_ctrl.core_clk/I (gf180mcu_fd_sc_mcu7t5v0__clkbuf_8)
     1    0.04    0.09    0.17   33.43 ^ chip_core/clkbuf_2_1_0_clock_ctrl.core_clk/Z (gf180mcu_fd_sc_mcu7t5v0__clkbuf_8)
                                         chip_core/clknet_2_1_0_clock_ctrl.core_clk (net)
                  0.09    0.00   33.43 ^ chip_core/clkbuf_2_1_1_clock_ctrl.core_clk/I (gf180mcu_fd_sc_mcu7t5v0__clkbuf_8)
     2    0.08    0.14    0.19   33.62 ^ chip_core/clkbuf_2_1_1_clock_ctrl.core_clk/Z (gf180mcu_fd_sc_mcu7t5v0__clkbuf_8)
                                         chip_core/clknet_2_1_1_clock_ctrl.core_clk (net)
                  0.14    0.00   33.62 ^ chip_core/clkbuf_3_2_0_clock_ctrl.core_clk/I (gf180mcu_fd_sc_mcu7t5v0__clkbuf_8)
     1    0.04    0.09    0.18   33.80 ^ chip_core/clkbuf_3_2_0_clock_ctrl.core_clk/Z (gf180mcu_fd_sc_mcu7t5v0__clkbuf_8)
                                         chip_core/clknet_3_2_0_clock_ctrl.core_clk (net)
                  0.09    0.00   33.80 ^ chip_core/clkbuf_3_2_1_clock_ctrl.core_clk/I (gf180mcu_fd_sc_mcu7t5v0__clkbuf_8)
     1    0.02    0.07    0.15   33.95 ^ chip_core/clkbuf_3_2_1_clock_ctrl.core_clk/Z (gf180mcu_fd_sc_mcu7t5v0__clkbuf_8)
                                         chip_core/clknet_3_2_1_clock_ctrl.core_clk (net)
                  0.07    0.00   33.95 ^ chip_core/clkbuf_3_2_2_clock_ctrl.core_clk/I (gf180mcu_fd_sc_mcu7t5v0__clkbuf_8)
     2    0.07    0.13    0.19   34.14 ^ chip_core/clkbuf_3_2_2_clock_ctrl.core_clk/Z (gf180mcu_fd_sc_mcu7t5v0__clkbuf_8)
                                         chip_core/clknet_3_2_2_clock_ctrl.core_clk (net)
                  0.13    0.00   34.14 ^ chip_core/clkbuf_4_5_0_clock_ctrl.core_clk/I (gf180mcu_fd_sc_mcu7t5v0__clkbuf_8)
     2    0.08    0.13    0.20   34.34 ^ chip_core/clkbuf_4_5_0_clock_ctrl.core_clk/Z (gf180mcu_fd_sc_mcu7t5v0__clkbuf_8)
                                         chip_core/clknet_4_5_0_clock_ctrl.core_clk (net)
                  0.13    0.00   34.35 ^ chip_core/clkbuf_5_10_0_clock_ctrl.core_clk/I (gf180mcu_fd_sc_mcu7t5v0__clkbuf_8)
     2    0.05    0.10    0.18   34.52 ^ chip_core/clkbuf_5_10_0_clock_ctrl.core_clk/Z (gf180mcu_fd_sc_mcu7t5v0__clkbuf_8)
                                         chip_core/clknet_5_10_0_clock_ctrl.core_clk (net)
                  0.10    0.00   34.53 ^ chip_core/clkbuf_6_21_0_clock_ctrl.core_clk/I (gf180mcu_fd_sc_mcu7t5v0__clkbuf_8)
     2    0.05    0.10    0.17   34.70 ^ chip_core/clkbuf_6_21_0_clock_ctrl.core_clk/Z (gf180mcu_fd_sc_mcu7t5v0__clkbuf_8)
                                         chip_core/clknet_6_21_0_clock_ctrl.core_clk (net)
                  0.10    0.00   34.70 ^ chip_core/clkbuf_7_42_0_clock_ctrl.core_clk/I (gf180mcu_fd_sc_mcu7t5v0__clkbuf_8)
     7    0.24    0.34    0.32   35.01 ^ chip_core/clkbuf_7_42_0_clock_ctrl.core_clk/Z (gf180mcu_fd_sc_mcu7t5v0__clkbuf_8)
                                         chip_core/clknet_7_42_0_clock_ctrl.core_clk (net)
                  0.34    0.00   35.02 ^ chip_core/clkbuf_opt_2_0_clock_ctrl.core_clk/I (gf180mcu_fd_sc_mcu7t5v0__clkbuf_20)
     1    0.04    0.07    0.19   35.21 ^ chip_core/clkbuf_opt_2_0_clock_ctrl.core_clk/Z (gf180mcu_fd_sc_mcu7t5v0__clkbuf_20)
                                         chip_core/clknet_opt_2_0_clock_ctrl.core_clk (net)
                  0.07    0.00   35.21 ^ chip_core/clkbuf_opt_2_1_clock_ctrl.core_clk/I (gf180mcu_fd_sc_mcu7t5v0__clkbuf_20)
     2    0.02    0.06    0.14   35.35 ^ chip_core/clkbuf_opt_2_1_clock_ctrl.core_clk/Z (gf180mcu_fd_sc_mcu7t5v0__clkbuf_20)
                                         chip_core/clknet_opt_2_1_clock_ctrl.core_clk (net)
                  0.06    0.00   35.35 ^ chip_core/mprj/j1a/clkbuf_0_boardClk/I (gf180mcu_fd_sc_mcu7t5v0__clkbuf_16)
     4    0.22    0.17    0.21   35.55 ^ chip_core/mprj/j1a/clkbuf_0_boardClk/Z (gf180mcu_fd_sc_mcu7t5v0__clkbuf_16)
                                         chip_core/mprj/j1a/clknet_0_boardClk (net)
                  0.17    0.02   35.57 ^ chip_core/mprj/j1a/clkbuf_1_0_0_boardClk/I (gf180mcu_fd_sc_mcu7t5v0__clkbuf_8)
     8    0.19    0.27    0.29   35.86 ^ chip_core/mprj/j1a/clkbuf_1_0_0_boardClk/Z (gf180mcu_fd_sc_mcu7t5v0__clkbuf_8)
                                         chip_core/mprj/j1a/clknet_1_0_0_boardClk (net)
                  0.28    0.01   35.87 ^ chip_core/mprj/j1a/clkbuf_3_0_0_boardClk/I (gf180mcu_fd_sc_mcu7t5v0__clkbuf_8)
    16    0.27    0.37    0.36   36.23 ^ chip_core/mprj/j1a/clkbuf_3_0_0_boardClk/Z (gf180mcu_fd_sc_mcu7t5v0__clkbuf_8)
                                         chip_core/mprj/j1a/clknet_3_0_0_boardClk (net)
                  0.38    0.02   36.25 ^ chip_core/mprj/j1a/clkbuf_6_1_0_boardClk/I (gf180mcu_fd_sc_mcu7t5v0__clkbuf_8)
     4    0.07    0.13    0.24   36.50 ^ chip_core/mprj/j1a/clkbuf_6_1_0_boardClk/Z (gf180mcu_fd_sc_mcu7t5v0__clkbuf_8)
                                         chip_core/mprj/j1a/clknet_6_1_0_boardClk (net)
                  0.13    0.00   36.50 ^ chip_core/mprj/j1a/clkbuf_7_2__f_boardClk/I (gf180mcu_fd_sc_mcu7t5v0__clkbuf_16)
    10    0.13    0.12    0.20   36.70 ^ chip_core/mprj/j1a/clkbuf_7_2__f_boardClk/Z (gf180mcu_fd_sc_mcu7t5v0__clkbuf_16)
                                         chip_core/mprj/j1a/clknet_7_2__leaf_boardClk (net)
                  0.12    0.00   36.70 ^ chip_core/mprj/j1a/clkbuf_leaf_6_boardClk/I (gf180mcu_fd_sc_mcu7t5v0__clkbuf_16)
     4    0.02    0.06    0.15   36.85 ^ chip_core/mprj/j1a/clkbuf_leaf_6_boardClk/Z (gf180mcu_fd_sc_mcu7t5v0__clkbuf_16)
                                         chip_core/mprj/j1a/clknet_leaf_6_boardClk (net)
                  0.06    0.00   36.85 ^ chip_core/mprj/j1a/_51892_/CLK (gf180mcu_fd_sc_mcu7t5v0__dffsnq_1)
                         -0.10   36.75   clock uncertainty
                          0.04   36.79   clock reconvergence pessimism
                          0.02   36.81   library recovery time
                                 36.81   data required time
-----------------------------------------------------------------------------
                                 36.81   data required time
                                -24.50   data arrival time
-----------------------------------------------------------------------------
                                 12.31   slack (MET)


Startpoint: chip_core/_37874_ (falling edge-triggered flip-flop clocked by clk)
Endpoint: chip_core/mprj/j1a/_52011_ (recovery check against rising-edge clock clk)
Path Group: asynchronous
Path Type: max

Fanout     Cap    Slew   Delay    Time   Description
-----------------------------------------------------------------------------
                         15.00   15.00   clock clk (fall edge)
                          0.00   15.00   clock source latency
     1    2.90    3.50    0.00   15.00 v clock (in)
                                         clock (net)
                  3.50    0.00   15.00 v padframe/mgmt_clock_input_pad/PAD (gf180mcu_fd_io__in_c)
     1    0.05    0.10    2.00   17.00 v padframe/mgmt_clock_input_pad/Y (gf180mcu_fd_io__in_c)
                                         clock_core (net)
                  0.10    0.00   17.00 v chip_core/input1/I (gf180mcu_fd_sc_mcu7t5v0__buf_20)
     1    0.07    0.06    0.14   17.14 v chip_core/input1/Z (gf180mcu_fd_sc_mcu7t5v0__buf_20)
                                         chip_core/net1 (net)
                  0.06    0.01   17.15 v chip_core/wire2130/I (gf180mcu_fd_sc_mcu7t5v0__buf_20)
     1    0.13    0.07    0.13   17.28 v chip_core/wire2130/Z (gf180mcu_fd_sc_mcu7t5v0__buf_20)
                                         chip_core/net2130 (net)
                  0.10    0.03   17.31 v chip_core/wire2129/I (gf180mcu_fd_sc_mcu7t5v0__buf_20)
     3    0.12    0.07    0.15   17.45 v chip_core/wire2129/Z (gf180mcu_fd_sc_mcu7t5v0__buf_20)
                                         chip_core/net2129 (net)
                  0.09    0.02   17.48 v chip_core/_21442_/A1 (gf180mcu_fd_sc_mcu7t5v0__oai211_4)
     2    0.03    0.27    0.19   17.67 ^ chip_core/_21442_/ZN (gf180mcu_fd_sc_mcu7t5v0__oai211_4)
                                         chip_core/_09463_ (net)
                  0.27    0.00   17.67 ^ chip_core/_21454_/A1 (gf180mcu_fd_sc_mcu7t5v0__nand2_2)
     1    0.29    1.34    0.85   18.52 v chip_core/_21454_/ZN (gf180mcu_fd_sc_mcu7t5v0__nand2_2)
                                         chip_core/clock_ctrl.core_clk (net)
                  1.36    0.09   18.61 v chip_core/clkbuf_0_clock_ctrl.core_clk/I (gf180mcu_fd_sc_mcu7t5v0__clkbuf_20)
     2    0.04    0.10    0.40   19.01 v chip_core/clkbuf_0_clock_ctrl.core_clk/Z (gf180mcu_fd_sc_mcu7t5v0__clkbuf_20)
                                         chip_core/clknet_0_clock_ctrl.core_clk (net)
                  0.10    0.00   19.01 v chip_core/clkbuf_1_1_0_clock_ctrl.core_clk/I (gf180mcu_fd_sc_mcu7t5v0__clkbuf_8)
     1    0.04    0.09    0.19   19.20 v chip_core/clkbuf_1_1_0_clock_ctrl.core_clk/Z (gf180mcu_fd_sc_mcu7t5v0__clkbuf_8)
                                         chip_core/clknet_1_1_0_clock_ctrl.core_clk (net)
                  0.09    0.00   19.20 v chip_core/clkbuf_1_1_1_clock_ctrl.core_clk/I (gf180mcu_fd_sc_mcu7t5v0__clkbuf_8)
     1    0.04    0.09    0.19   19.39 v chip_core/clkbuf_1_1_1_clock_ctrl.core_clk/Z (gf180mcu_fd_sc_mcu7t5v0__clkbuf_8)
                                         chip_core/clknet_1_1_1_clock_ctrl.core_clk (net)
                  0.09    0.00   19.39 v chip_core/clkbuf_1_1_2_clock_ctrl.core_clk/I (gf180mcu_fd_sc_mcu7t5v0__clkbuf_8)
     1    0.04    0.10    0.19   19.58 v chip_core/clkbuf_1_1_2_clock_ctrl.core_clk/Z (gf180mcu_fd_sc_mcu7t5v0__clkbuf_8)
                                         chip_core/clknet_1_1_2_clock_ctrl.core_clk (net)
                  0.10    0.00   19.58 v chip_core/clkbuf_1_1_3_clock_ctrl.core_clk/I (gf180mcu_fd_sc_mcu7t5v0__clkbuf_8)
     1    0.02    0.07    0.17   19.75 v chip_core/clkbuf_1_1_3_clock_ctrl.core_clk/Z (gf180mcu_fd_sc_mcu7t5v0__clkbuf_8)
                                         chip_core/clknet_1_1_3_clock_ctrl.core_clk (net)
                  0.07    0.00   19.75 v chip_core/clkbuf_1_1_4_clock_ctrl.core_clk/I (gf180mcu_fd_sc_mcu7t5v0__clkbuf_8)
     2    0.08    0.14    0.21   19.97 v chip_core/clkbuf_1_1_4_clock_ctrl.core_clk/Z (gf180mcu_fd_sc_mcu7t5v0__clkbuf_8)
                                         chip_core/clknet_1_1_4_clock_ctrl.core_clk (net)
                  0.14    0.00   19.97 v chip_core/clkbuf_2_2_0_clock_ctrl.core_clk/I (gf180mcu_fd_sc_mcu7t5v0__clkbuf_8)
     1    0.04    0.09    0.19   20.16 v chip_core/clkbuf_2_2_0_clock_ctrl.core_clk/Z (gf180mcu_fd_sc_mcu7t5v0__clkbuf_8)
                                         chip_core/clknet_2_2_0_clock_ctrl.core_clk (net)
                  0.09    0.00   20.16 v chip_core/clkbuf_2_2_1_clock_ctrl.core_clk/I (gf180mcu_fd_sc_mcu7t5v0__clkbuf_8)
     2    0.06    0.12    0.21   20.37 v chip_core/clkbuf_2_2_1_clock_ctrl.core_clk/Z (gf180mcu_fd_sc_mcu7t5v0__clkbuf_8)
                                         chip_core/clknet_2_2_1_clock_ctrl.core_clk (net)
                  0.12    0.00   20.37 v chip_core/clkbuf_3_5_0_clock_ctrl.core_clk/I (gf180mcu_fd_sc_mcu7t5v0__clkbuf_8)
     1    0.03    0.08    0.18   20.56 v chip_core/clkbuf_3_5_0_clock_ctrl.core_clk/Z (gf180mcu_fd_sc_mcu7t5v0__clkbuf_8)
                                         chip_core/clknet_3_5_0_clock_ctrl.core_clk (net)
                  0.08    0.00   20.56 v chip_core/clkbuf_3_5_1_clock_ctrl.core_clk/I (gf180mcu_fd_sc_mcu7t5v0__clkbuf_8)
     1    0.02    0.07    0.16   20.72 v chip_core/clkbuf_3_5_1_clock_ctrl.core_clk/Z (gf180mcu_fd_sc_mcu7t5v0__clkbuf_8)
                                         chip_core/clknet_3_5_1_clock_ctrl.core_clk (net)
                  0.07    0.00   20.72 v chip_core/clkbuf_3_5_2_clock_ctrl.core_clk/I (gf180mcu_fd_sc_mcu7t5v0__clkbuf_8)
     2    0.06    0.12    0.20   20.92 v chip_core/clkbuf_3_5_2_clock_ctrl.core_clk/Z (gf180mcu_fd_sc_mcu7t5v0__clkbuf_8)
                                         chip_core/clknet_3_5_2_clock_ctrl.core_clk (net)
                  0.12    0.00   20.93 v chip_core/clkbuf_4_10_0_clock_ctrl.core_clk/I (gf180mcu_fd_sc_mcu7t5v0__clkbuf_8)
     2    0.07    0.13    0.22   21.15 v chip_core/clkbuf_4_10_0_clock_ctrl.core_clk/Z (gf180mcu_fd_sc_mcu7t5v0__clkbuf_8)
                                         chip_core/clknet_4_10_0_clock_ctrl.core_clk (net)
                  0.13    0.00   21.15 v chip_core/clkbuf_5_21_0_clock_ctrl.core_clk/I (gf180mcu_fd_sc_mcu7t5v0__clkbuf_8)
     2    0.05    0.10    0.20   21.35 v chip_core/clkbuf_5_21_0_clock_ctrl.core_clk/Z (gf180mcu_fd_sc_mcu7t5v0__clkbuf_8)
                                         chip_core/clknet_5_21_0_clock_ctrl.core_clk (net)
                  0.10    0.00   21.36 v chip_core/clkbuf_6_43_0_clock_ctrl.core_clk/I (gf180mcu_fd_sc_mcu7t5v0__clkbuf_8)
     2    0.05    0.10    0.20   21.55 v chip_core/clkbuf_6_43_0_clock_ctrl.core_clk/Z (gf180mcu_fd_sc_mcu7t5v0__clkbuf_8)
                                         chip_core/clknet_6_43_0_clock_ctrl.core_clk (net)
                  0.10    0.00   21.55 v chip_core/clkbuf_7_87_0_clock_ctrl.core_clk/I (gf180mcu_fd_sc_mcu7t5v0__clkbuf_8)
    13    0.36    0.52    0.47   22.02 v chip_core/clkbuf_7_87_0_clock_ctrl.core_clk/Z (gf180mcu_fd_sc_mcu7t5v0__clkbuf_8)
                                         chip_core/clknet_7_87_0_clock_ctrl.core_clk (net)
                  0.52    0.01   22.03 v chip_core/clkbuf_leaf_1161_clock_ctrl.core_clk/I (gf180mcu_fd_sc_mcu7t5v0__clkbuf_20)
     3    0.02    0.07    0.26   22.29 v chip_core/clkbuf_leaf_1161_clock_ctrl.core_clk/Z (gf180mcu_fd_sc_mcu7t5v0__clkbuf_20)
                                         chip_core/clknet_leaf_1161_clock_ctrl.core_clk (net)
                  0.07    0.00   22.29 v chip_core/_37874_/CLKN (gf180mcu_fd_sc_mcu7t5v0__dffnsnq_4)
     3    0.08    0.22    0.67   22.96 v chip_core/_37874_/Q (gf180mcu_fd_sc_mcu7t5v0__dffnsnq_4)
                                         chip_core/clock_ctrl.reset_delay[0] (net)
                  0.22    0.00   22.96 v chip_core/max_length1744/I (gf180mcu_fd_sc_mcu7t5v0__buf_4)
     1    0.10    0.17    0.27   23.23 v chip_core/max_length1744/Z (gf180mcu_fd_sc_mcu7t5v0__buf_4)
                                         chip_core/net1744 (net)
                  0.17    0.01   23.24 v chip_core/wire1743/I (gf180mcu_fd_sc_mcu7t5v0__buf_8)
     6    0.05    0.07    0.18   23.42 v chip_core/wire1743/Z (gf180mcu_fd_sc_mcu7t5v0__buf_8)
                                         chip_core/net1743 (net)
                  0.07    0.00   23.42 v chip_core/wire1742/I (gf180mcu_fd_sc_mcu7t5v0__clkbuf_8)
     3    0.04    0.09    0.18   23.60 v chip_core/wire1742/Z (gf180mcu_fd_sc_mcu7t5v0__clkbuf_8)
                                         chip_core/net1742 (net)
                  0.09    0.00   23.60 v chip_core/wire1741/I (gf180mcu_fd_sc_mcu7t5v0__clkbuf_4)
     2    0.01    0.06    0.16   23.75 v chip_core/wire1741/Z (gf180mcu_fd_sc_mcu7t5v0__clkbuf_4)
                                         chip_core/net1741 (net)
                  0.06    0.00   23.75 v chip_core/mprj/j1a/input11/I (gf180mcu_fd_sc_mcu7t5v0__clkbuf_3)
     8    0.09    0.26    0.29   24.05 v chip_core/mprj/j1a/input11/Z (gf180mcu_fd_sc_mcu7t5v0__clkbuf_3)
                                         chip_core/mprj/j1a/net11 (net)
                  0.26    0.01   24.06 v chip_core/mprj/j1a/_39272_/I (gf180mcu_fd_sc_mcu7t5v0__buf_1)
     4    0.03    0.19    0.32   24.38 v chip_core/mprj/j1a/_39272_/Z (gf180mcu_fd_sc_mcu7t5v0__buf_1)
                                         chip_core/mprj/j1a/_17950_ (net)
                  0.19    0.00   24.38 v chip_core/mprj/j1a/_40779_/I (gf180mcu_fd_sc_mcu7t5v0__clkinv_1)
     1    0.01    0.13    0.12   24.50 ^ chip_core/mprj/j1a/_40779_/ZN (gf180mcu_fd_sc_mcu7t5v0__clkinv_1)
                                         chip_core/mprj/j1a/_00060_ (net)
                  0.13    0.00   24.50 ^ chip_core/mprj/j1a/_52011_/SETN (gf180mcu_fd_sc_mcu7t5v0__dffsnq_1)
                                 24.50   data arrival time

                         30.00   30.00   clock clk (rise edge)
                          0.00   30.00   clock source latency
     1    2.86    2.00    0.00   30.00 ^ clock (in)
                                         clock (net)
                  2.00    0.00   30.00 ^ padframe/mgmt_clock_input_pad/PAD (gf180mcu_fd_io__in_c)
     1    0.05    0.15    0.53   30.53 ^ padframe/mgmt_clock_input_pad/Y (gf180mcu_fd_io__in_c)
                                         clock_core (net)
                  0.15    0.00   30.53 ^ chip_core/input1/I (gf180mcu_fd_sc_mcu7t5v0__buf_20)
     1    0.07    0.07    0.12   30.65 ^ chip_core/input1/Z (gf180mcu_fd_sc_mcu7t5v0__buf_20)
                                         chip_core/net1 (net)
                  0.07    0.01   30.66 ^ chip_core/wire2130/I (gf180mcu_fd_sc_mcu7t5v0__buf_20)
     1    0.13    0.09    0.11   30.78 ^ chip_core/wire2130/Z (gf180mcu_fd_sc_mcu7t5v0__buf_20)
                                         chip_core/net2130 (net)
                  0.11    0.03   30.80 ^ chip_core/wire2129/I (gf180mcu_fd_sc_mcu7t5v0__buf_20)
     3    0.12    0.09    0.12   30.93 ^ chip_core/wire2129/Z (gf180mcu_fd_sc_mcu7t5v0__buf_20)
                                         chip_core/net2129 (net)
                  0.10    0.02   30.95 ^ chip_core/_21442_/A1 (gf180mcu_fd_sc_mcu7t5v0__oai211_4)
     2    0.03    0.16    0.11   31.06 v chip_core/_21442_/ZN (gf180mcu_fd_sc_mcu7t5v0__oai211_4)
                                         chip_core/_09463_ (net)
                  0.16    0.00   31.06 v chip_core/_21454_/A1 (gf180mcu_fd_sc_mcu7t5v0__nand2_2)
     1    0.29    1.66    0.96   32.02 ^ chip_core/_21454_/ZN (gf180mcu_fd_sc_mcu7t5v0__nand2_2)
                                         chip_core/clock_ctrl.core_clk (net)
                  1.67    0.09   32.10 ^ chip_core/clkbuf_0_clock_ctrl.core_clk/I (gf180mcu_fd_sc_mcu7t5v0__clkbuf_20)
     2    0.04    0.11    0.30   32.40 ^ chip_core/clkbuf_0_clock_ctrl.core_clk/Z (gf180mcu_fd_sc_mcu7t5v0__clkbuf_20)
                                         chip_core/clknet_0_clock_ctrl.core_clk (net)
                  0.11    0.00   32.41 ^ chip_core/clkbuf_1_0_0_clock_ctrl.core_clk/I (gf180mcu_fd_sc_mcu7t5v0__clkbuf_8)
     1    0.04    0.09    0.17   32.58 ^ chip_core/clkbuf_1_0_0_clock_ctrl.core_clk/Z (gf180mcu_fd_sc_mcu7t5v0__clkbuf_8)
                                         chip_core/clknet_1_0_0_clock_ctrl.core_clk (net)
                  0.09    0.00   32.58 ^ chip_core/clkbuf_1_0_1_clock_ctrl.core_clk/I (gf180mcu_fd_sc_mcu7t5v0__clkbuf_8)
     1    0.03    0.08    0.16   32.74 ^ chip_core/clkbuf_1_0_1_clock_ctrl.core_clk/Z (gf180mcu_fd_sc_mcu7t5v0__clkbuf_8)
                                         chip_core/clknet_1_0_1_clock_ctrl.core_clk (net)
                  0.08    0.00   32.74 ^ chip_core/clkbuf_1_0_2_clock_ctrl.core_clk/I (gf180mcu_fd_sc_mcu7t5v0__clkbuf_8)
     1    0.05    0.10    0.17   32.90 ^ chip_core/clkbuf_1_0_2_clock_ctrl.core_clk/Z (gf180mcu_fd_sc_mcu7t5v0__clkbuf_8)
                                         chip_core/clknet_1_0_2_clock_ctrl.core_clk (net)
                  0.10    0.00   32.91 ^ chip_core/clkbuf_1_0_3_clock_ctrl.core_clk/I (gf180mcu_fd_sc_mcu7t5v0__clkbuf_8)
     1    0.02    0.07    0.15   33.06 ^ chip_core/clkbuf_1_0_3_clock_ctrl.core_clk/Z (gf180mcu_fd_sc_mcu7t5v0__clkbuf_8)
                                         chip_core/clknet_1_0_3_clock_ctrl.core_clk (net)
                  0.07    0.00   33.06 ^ chip_core/clkbuf_1_0_4_clock_ctrl.core_clk/I (gf180mcu_fd_sc_mcu7t5v0__clkbuf_8)
     2    0.08    0.14    0.19   33.25 ^ chip_core/clkbuf_1_0_4_clock_ctrl.core_clk/Z (gf180mcu_fd_sc_mcu7t5v0__clkbuf_8)
                                         chip_core/clknet_1_0_4_clock_ctrl.core_clk (net)
                  0.14    0.01   33.25 ^ chip_core/clkbuf_2_1_0_clock_ctrl.core_clk/I (gf180mcu_fd_sc_mcu7t5v0__clkbuf_8)
     1    0.04    0.09    0.17   33.43 ^ chip_core/clkbuf_2_1_0_clock_ctrl.core_clk/Z (gf180mcu_fd_sc_mcu7t5v0__clkbuf_8)
                                         chip_core/clknet_2_1_0_clock_ctrl.core_clk (net)
                  0.09    0.00   33.43 ^ chip_core/clkbuf_2_1_1_clock_ctrl.core_clk/I (gf180mcu_fd_sc_mcu7t5v0__clkbuf_8)
     2    0.08    0.14    0.19   33.62 ^ chip_core/clkbuf_2_1_1_clock_ctrl.core_clk/Z (gf180mcu_fd_sc_mcu7t5v0__clkbuf_8)
                                         chip_core/clknet_2_1_1_clock_ctrl.core_clk (net)
                  0.14    0.00   33.62 ^ chip_core/clkbuf_3_2_0_clock_ctrl.core_clk/I (gf180mcu_fd_sc_mcu7t5v0__clkbuf_8)
     1    0.04    0.09    0.18   33.80 ^ chip_core/clkbuf_3_2_0_clock_ctrl.core_clk/Z (gf180mcu_fd_sc_mcu7t5v0__clkbuf_8)
                                         chip_core/clknet_3_2_0_clock_ctrl.core_clk (net)
                  0.09    0.00   33.80 ^ chip_core/clkbuf_3_2_1_clock_ctrl.core_clk/I (gf180mcu_fd_sc_mcu7t5v0__clkbuf_8)
     1    0.02    0.07    0.15   33.95 ^ chip_core/clkbuf_3_2_1_clock_ctrl.core_clk/Z (gf180mcu_fd_sc_mcu7t5v0__clkbuf_8)
                                         chip_core/clknet_3_2_1_clock_ctrl.core_clk (net)
                  0.07    0.00   33.95 ^ chip_core/clkbuf_3_2_2_clock_ctrl.core_clk/I (gf180mcu_fd_sc_mcu7t5v0__clkbuf_8)
     2    0.07    0.13    0.19   34.14 ^ chip_core/clkbuf_3_2_2_clock_ctrl.core_clk/Z (gf180mcu_fd_sc_mcu7t5v0__clkbuf_8)
                                         chip_core/clknet_3_2_2_clock_ctrl.core_clk (net)
                  0.13    0.00   34.14 ^ chip_core/clkbuf_4_5_0_clock_ctrl.core_clk/I (gf180mcu_fd_sc_mcu7t5v0__clkbuf_8)
     2    0.08    0.13    0.20   34.34 ^ chip_core/clkbuf_4_5_0_clock_ctrl.core_clk/Z (gf180mcu_fd_sc_mcu7t5v0__clkbuf_8)
                                         chip_core/clknet_4_5_0_clock_ctrl.core_clk (net)
                  0.13    0.00   34.35 ^ chip_core/clkbuf_5_10_0_clock_ctrl.core_clk/I (gf180mcu_fd_sc_mcu7t5v0__clkbuf_8)
     2    0.05    0.10    0.18   34.52 ^ chip_core/clkbuf_5_10_0_clock_ctrl.core_clk/Z (gf180mcu_fd_sc_mcu7t5v0__clkbuf_8)
                                         chip_core/clknet_5_10_0_clock_ctrl.core_clk (net)
                  0.10    0.00   34.53 ^ chip_core/clkbuf_6_21_0_clock_ctrl.core_clk/I (gf180mcu_fd_sc_mcu7t5v0__clkbuf_8)
     2    0.05    0.10    0.17   34.70 ^ chip_core/clkbuf_6_21_0_clock_ctrl.core_clk/Z (gf180mcu_fd_sc_mcu7t5v0__clkbuf_8)
                                         chip_core/clknet_6_21_0_clock_ctrl.core_clk (net)
                  0.10    0.00   34.70 ^ chip_core/clkbuf_7_42_0_clock_ctrl.core_clk/I (gf180mcu_fd_sc_mcu7t5v0__clkbuf_8)
     7    0.24    0.34    0.32   35.01 ^ chip_core/clkbuf_7_42_0_clock_ctrl.core_clk/Z (gf180mcu_fd_sc_mcu7t5v0__clkbuf_8)
                                         chip_core/clknet_7_42_0_clock_ctrl.core_clk (net)
                  0.34    0.00   35.02 ^ chip_core/clkbuf_opt_2_0_clock_ctrl.core_clk/I (gf180mcu_fd_sc_mcu7t5v0__clkbuf_20)
     1    0.04    0.07    0.19   35.21 ^ chip_core/clkbuf_opt_2_0_clock_ctrl.core_clk/Z (gf180mcu_fd_sc_mcu7t5v0__clkbuf_20)
                                         chip_core/clknet_opt_2_0_clock_ctrl.core_clk (net)
                  0.07    0.00   35.21 ^ chip_core/clkbuf_opt_2_1_clock_ctrl.core_clk/I (gf180mcu_fd_sc_mcu7t5v0__clkbuf_20)
     2    0.02    0.06    0.14   35.35 ^ chip_core/clkbuf_opt_2_1_clock_ctrl.core_clk/Z (gf180mcu_fd_sc_mcu7t5v0__clkbuf_20)
                                         chip_core/clknet_opt_2_1_clock_ctrl.core_clk (net)
                  0.06    0.00   35.35 ^ chip_core/mprj/j1a/clkbuf_0_boardClk/I (gf180mcu_fd_sc_mcu7t5v0__clkbuf_16)
     4    0.22    0.17    0.21   35.55 ^ chip_core/mprj/j1a/clkbuf_0_boardClk/Z (gf180mcu_fd_sc_mcu7t5v0__clkbuf_16)
                                         chip_core/mprj/j1a/clknet_0_boardClk (net)
                  0.17    0.02   35.57 ^ chip_core/mprj/j1a/clkbuf_1_0_0_boardClk/I (gf180mcu_fd_sc_mcu7t5v0__clkbuf_8)
     8    0.19    0.27    0.29   35.86 ^ chip_core/mprj/j1a/clkbuf_1_0_0_boardClk/Z (gf180mcu_fd_sc_mcu7t5v0__clkbuf_8)
                                         chip_core/mprj/j1a/clknet_1_0_0_boardClk (net)
                  0.28    0.01   35.87 ^ chip_core/mprj/j1a/clkbuf_3_0_0_boardClk/I (gf180mcu_fd_sc_mcu7t5v0__clkbuf_8)
    16    0.27    0.37    0.36   36.23 ^ chip_core/mprj/j1a/clkbuf_3_0_0_boardClk/Z (gf180mcu_fd_sc_mcu7t5v0__clkbuf_8)
                                         chip_core/mprj/j1a/clknet_3_0_0_boardClk (net)
                  0.38    0.02   36.25 ^ chip_core/mprj/j1a/clkbuf_6_1_0_boardClk/I (gf180mcu_fd_sc_mcu7t5v0__clkbuf_8)
     4    0.07    0.13    0.24   36.50 ^ chip_core/mprj/j1a/clkbuf_6_1_0_boardClk/Z (gf180mcu_fd_sc_mcu7t5v0__clkbuf_8)
                                         chip_core/mprj/j1a/clknet_6_1_0_boardClk (net)
                  0.13    0.00   36.50 ^ chip_core/mprj/j1a/clkbuf_7_2__f_boardClk/I (gf180mcu_fd_sc_mcu7t5v0__clkbuf_16)
    10    0.13    0.12    0.20   36.70 ^ chip_core/mprj/j1a/clkbuf_7_2__f_boardClk/Z (gf180mcu_fd_sc_mcu7t5v0__clkbuf_16)
                                         chip_core/mprj/j1a/clknet_7_2__leaf_boardClk (net)
                  0.12    0.00   36.70 ^ chip_core/mprj/j1a/clkbuf_leaf_6_boardClk/I (gf180mcu_fd_sc_mcu7t5v0__clkbuf_16)
     4    0.02    0.06    0.15   36.85 ^ chip_core/mprj/j1a/clkbuf_leaf_6_boardClk/Z (gf180mcu_fd_sc_mcu7t5v0__clkbuf_16)
                                         chip_core/mprj/j1a/clknet_leaf_6_boardClk (net)
                  0.06    0.00   36.85 ^ chip_core/mprj/j1a/_52011_/CLK (gf180mcu_fd_sc_mcu7t5v0__dffsnq_1)
                         -0.10   36.75   clock uncertainty
                          0.04   36.79   clock reconvergence pessimism
                          0.02   36.81   library recovery time
                                 36.81   data required time
-----------------------------------------------------------------------------
                                 36.81   data required time
                                -24.50   data arrival time
-----------------------------------------------------------------------------
                                 12.31   slack (MET)


min:
reg-reg: 0/0
reg-output: 0/0
input-reg: 0/0
input-output: 0/0
max:
reg-reg: 0/2
reg-output: 0/0
input-reg: 0/0
input-output: 0/0
